Started GET "/" for ::1 at 2026-03-08 12:22:25 +0000
Processing by ArrivalsController#index as HTML
[]
  Rendering layout layouts/application.html.erb
  Rendering arrivals/index.html.erb within layouts/application
  Rendered arrivals/index.html.erb within layouts/application (Duration: 0.0ms | Allocations: 7)
  Rendered layout layouts/application.html.erb (Duration: 2.2ms | Allocations: 1026)
Completed 200 OK in 1067ms (Views: 3.6ms | Allocations: 3864)


Started GET "/" for 127.0.0.1 at 2026-03-08 12:22:43 +0000
Processing by ArrivalsController#index as HTML
[]
  Rendering layout layouts/application.html.erb
  Rendering arrivals/index.html.erb within layouts/application
  Rendered arrivals/index.html.erb within layouts/application (Duration: 2.1ms | Allocations: 483)
  Rendered layout layouts/application.html.erb (Duration: 58.5ms | Allocations: 7031)
Completed 200 OK in 296ms (Views: 66.0ms | Allocations: 13838)


Started GET "/" for ::1 at 2026-03-08 12:23:00 +0000
Processing by ArrivalsController#index as HTML
[]
  Rendering layout layouts/application.html.erb
  Rendering arrivals/index.html.erb within layouts/application
  Rendered arrivals/index.html.erb within layouts/application (Duration: 0.0ms | Allocations: 7)
  Rendered layout layouts/application.html.erb (Duration: 10.9ms | Allocations: 2921)
Completed 200 OK in 216ms (Views: 11.4ms | Allocations: 5704)


Started GET "/" for 127.0.0.1 at 2026-03-08 12:23:15 +0000
Processing by ArrivalsController#index as HTML
[]
  Rendering layout layouts/application.html.erb
  Rendering arrivals/index.html.erb within layouts/application
  Rendered arrivals/index.html.erb within layouts/application (Duration: 0.0ms | Allocations: 7)
  Rendered layout layouts/application.html.erb (Duration: 3.1ms | Allocations: 1031)
Completed 200 OK in 209ms (Views: 3.7ms | Allocations: 3853)


Started GET "/" for ::1 at 2026-03-08 12:23:34 +0000
Processing by ArrivalsController#index as HTML
[]
  Rendering layout layouts/application.html.erb
  Rendering arrivals/index.html.erb within layouts/application
  Rendered arrivals/index.html.erb within layouts/application (Duration: 0.0ms | Allocations: 7)
  Rendered layout layouts/application.html.erb (Duration: 2.2ms | Allocations: 1042)
Completed 200 OK in 224ms (Views: 2.7ms | Allocations: 3802)


Started GET "/" for 127.0.0.1 at 2026-03-08 12:23:46 +0000
Processing by ArrivalsController#index as HTML
[]
  Rendering layout layouts/application.html.erb
  Rendering arrivals/index.html.erb within layouts/application
  Rendered arrivals/index.html.erb within layouts/application (Duration: 0.0ms | Allocations: 7)
  Rendered layout layouts/application.html.erb (Duration: 2.2ms | Allocations: 1012)
Completed 200 OK in 241ms (Views: 2.9ms | Allocations: 3765)


Started GET "/" for ::1 at 2026-03-08 12:24:04 +0000
Processing by ArrivalsController#index as HTML
[]
  Rendering layout layouts/application.html.erb
  Rendering arrivals/index.html.erb within layouts/application
  Rendered arrivals/index.html.erb within layouts/application (Duration: 0.0ms | Allocations: 7)
  Rendered layout layouts/application.html.erb (Duration: 2.3ms | Allocations: 1018)
Completed 200 OK in 207ms (Views: 2.8ms | Allocations: 3811)


Started GET "/" for 127.0.0.1 at 2026-03-08 12:24:17 +0000
Processing by ArrivalsController#index as HTML
[]
  Rendering layout layouts/application.html.erb
  Rendering arrivals/index.html.erb within layouts/application
  Rendered arrivals/index.html.erb within layouts/application (Duration: 0.0ms | Allocations: 7)
  Rendered layout layouts/application.html.erb (Duration: 2.3ms | Allocations: 1024)
Completed 200 OK in 290ms (Views: 2.8ms | Allocations: 3763)


Started GET "/" for ::1 at 2026-03-08 12:24:35 +0000
Processing by ArrivalsController#index as HTML
[]
  Rendering layout layouts/application.html.erb
  Rendering arrivals/index.html.erb within layouts/application
  Rendered arrivals/index.html.erb within layouts/application (Duration: 0.0ms | Allocations: 7)
  Rendered layout layouts/application.html.erb (Duration: 2.1ms | Allocations: 1018)
Completed 200 OK in 269ms (Views: 2.6ms | Allocations: 3759)


Started GET "/" for 127.0.0.1 at 2026-03-08 12:24:47 +0000
Processing by ArrivalsController#index as HTML
[]
  Rendering layout layouts/application.html.erb
  Rendering arrivals/index.html.erb within layouts/application
  Rendered arrivals/index.html.erb within layouts/application (Duration: 0.0ms | Allocations: 7)
  Rendered layout layouts/application.html.erb (Duration: 3.3ms | Allocations: 1034)
Completed 200 OK in 213ms (Views: 3.8ms | Allocations: 3861)


Started GET "/" for ::1 at 2026-03-08 12:25:05 +0000
Processing by ArrivalsController#index as HTML
[]
  Rendering layout layouts/application.html.erb
  Rendering arrivals/index.html.erb within layouts/application
  Rendered arrivals/index.html.erb within layouts/application (Duration: 0.6ms | Allocations: 7)
  Rendered layout layouts/application.html.erb (Duration: 2.8ms | Allocations: 1020)
Completed 200 OK in 268ms (Views: 3.3ms | Allocations: 3799)


Started GET "/" for 127.0.0.1 at 2026-03-08 12:25:17 +0000
Processing by ArrivalsController#index as HTML
[]
  Rendering layout layouts/application.html.erb
  Rendering arrivals/index.html.erb within layouts/application
  Rendered arrivals/index.html.erb within layouts/application (Duration: 0.0ms | Allocations: 7)
  Rendered layout layouts/application.html.erb (Duration: 2.0ms | Allocations: 1024)
Completed 200 OK in 228ms (Views: 2.5ms | Allocations: 3814)


Started GET "/" for ::1 at 2026-03-08 12:25:35 +0000
Processing by ArrivalsController#index as HTML
[]
  Rendering layout layouts/application.html.erb
  Rendering arrivals/index.html.erb within layouts/application
  Rendered arrivals/index.html.erb within layouts/application (Duration: 0.0ms | Allocations: 7)
  Rendered layout layouts/application.html.erb (Duration: 2.3ms | Allocations: 1031)
Completed 200 OK in 222ms (Views: 3.0ms | Allocations: 3847)


Started GET "/" for 127.0.0.1 at 2026-03-08 12:25:48 +0000
Processing by ArrivalsController#index as HTML
[]
  Rendering layout layouts/application.html.erb
  Rendering arrivals/index.html.erb within layouts/application
  Rendered arrivals/index.html.erb within layouts/application (Duration: 0.0ms | Allocations: 7)
  Rendered layout layouts/application.html.erb (Duration: 2.3ms | Allocations: 1018)
Completed 200 OK in 240ms (Views: 2.8ms | Allocations: 3807)


Started GET "/" for ::1 at 2026-03-08 12:26:07 +0000
Processing by ArrivalsController#index as HTML
[]
  Rendering layout layouts/application.html.erb
  Rendering arrivals/index.html.erb within layouts/application
  Rendered arrivals/index.html.erb within layouts/application (Duration: 0.0ms | Allocations: 7)
  Rendered layout layouts/application.html.erb (Duration: 2.2ms | Allocations: 1039)
Completed 200 OK in 224ms (Views: 2.7ms | Allocations: 3780)


Started GET "/" for 127.0.0.1 at 2026-03-08 12:26:18 +0000
Processing by ArrivalsController#index as HTML
[]
  Rendering layout layouts/application.html.erb
  Rendering arrivals/index.html.erb within layouts/application
  Rendered arrivals/index.html.erb within layouts/application (Duration: 0.1ms | Allocations: 7)
  Rendered layout layouts/application.html.erb (Duration: 2.3ms | Allocations: 1036)
Completed 200 OK in 209ms (Views: 2.8ms | Allocations: 3824)


Started GET "/" for ::1 at 2026-03-08 12:26:37 +0000
Processing by ArrivalsController#index as HTML
[]
  Rendering layout layouts/application.html.erb
  Rendering arrivals/index.html.erb within layouts/application
  Rendered arrivals/index.html.erb within layouts/application (Duration: 0.0ms | Allocations: 7)
  Rendered layout layouts/application.html.erb (Duration: 8.5ms | Allocations: 1022)
Completed 200 OK in 256ms (Views: 9.0ms | Allocations: 3807)


Started GET "/" for 127.0.0.1 at 2026-03-08 12:26:49 +0000
Processing by ArrivalsController#index as HTML
[]
  Rendering layout layouts/application.html.erb
  Rendering arrivals/index.html.erb within layouts/application
  Rendered arrivals/index.html.erb within layouts/application (Duration: 0.0ms | Allocations: 7)
  Rendered layout layouts/application.html.erb (Duration: 2.0ms | Allocations: 1046)
Completed 200 OK in 226ms (Views: 2.6ms | Allocations: 3853)


Started GET "/" for ::1 at 2026-03-08 12:27:08 +0000
Processing by ArrivalsController#index as HTML
[]
  Rendering layout layouts/application.html.erb
  Rendering arrivals/index.html.erb within layouts/application
  Rendered arrivals/index.html.erb within layouts/application (Duration: 0.0ms | Allocations: 7)
  Rendered layout layouts/application.html.erb (Duration: 2.1ms | Allocations: 1027)
Completed 200 OK in 253ms (Views: 2.7ms | Allocations: 3775)


Started GET "/" for 127.0.0.1 at 2026-03-08 12:27:24 +0000
Processing by ArrivalsController#index as HTML
[]
  Rendering layout layouts/application.html.erb
  Rendering arrivals/index.html.erb within layouts/application
  Rendered arrivals/index.html.erb within layouts/application (Duration: 0.0ms | Allocations: 7)
  Rendered layout layouts/application.html.erb (Duration: 1.9ms | Allocations: 1027)
Completed 200 OK in 215ms (Views: 2.5ms | Allocations: 3815)


Started GET "/" for ::1 at 2026-03-08 12:27:38 +0000
Processing by ArrivalsController#index as HTML
[]
  Rendering layout layouts/application.html.erb
  Rendering arrivals/index.html.erb within layouts/application
  Rendered arrivals/index.html.erb within layouts/application (Duration: 0.0ms | Allocations: 7)
  Rendered layout layouts/application.html.erb (Duration: 2.5ms | Allocations: 1018)
Completed 200 OK in 232ms (Views: 3.0ms | Allocations: 3791)


Started GET "/" for 127.0.0.1 at 2026-03-08 12:27:54 +0000
Processing by ArrivalsController#index as HTML
[]
  Rendering layout layouts/application.html.erb
  Rendering arrivals/index.html.erb within layouts/application
  Rendered arrivals/index.html.erb within layouts/application (Duration: 0.0ms | Allocations: 7)
  Rendered layout layouts/application.html.erb (Duration: 2.0ms | Allocations: 1016)
Completed 200 OK in 229ms (Views: 2.5ms | Allocations: 3759)


Started GET "/" for ::1 at 2026-03-08 12:28:08 +0000
Processing by ArrivalsController#index as HTML
[]
  Rendering layout layouts/application.html.erb
  Rendering arrivals/index.html.erb within layouts/application
  Rendered arrivals/index.html.erb within layouts/application (Duration: 0.0ms | Allocations: 7)
  Rendered layout layouts/application.html.erb (Duration: 1.9ms | Allocations: 1021)
Completed 200 OK in 204ms (Views: 2.3ms | Allocations: 3858)


Started GET "/" for 127.0.0.1 at 2026-03-08 12:28:25 +0000
Processing by ArrivalsController#index as HTML
[]
  Rendering layout layouts/application.html.erb
  Rendering arrivals/index.html.erb within layouts/application
  Rendered arrivals/index.html.erb within layouts/application (Duration: 0.0ms | Allocations: 7)
  Rendered layout layouts/application.html.erb (Duration: 2.1ms | Allocations: 1012)
Completed 200 OK in 244ms (Views: 2.6ms | Allocations: 3758)


Started GET "/" for ::1 at 2026-03-08 12:28:39 +0000
Processing by ArrivalsController#index as HTML
[]
  Rendering layout layouts/application.html.erb
  Rendering arrivals/index.html.erb within layouts/application
  Rendered arrivals/index.html.erb within layouts/application (Duration: 0.0ms | Allocations: 7)
  Rendered layout layouts/application.html.erb (Duration: 1.9ms | Allocations: 1028)
Completed 200 OK in 252ms (Views: 2.4ms | Allocations: 3851)


Started GET "/" for 127.0.0.1 at 2026-03-08 12:28:55 +0000
Processing by ArrivalsController#index as HTML
[]
  Rendering layout layouts/application.html.erb
  Rendering arrivals/index.html.erb within layouts/application
  Rendered arrivals/index.html.erb within layouts/application (Duration: 0.0ms | Allocations: 7)
  Rendered layout layouts/application.html.erb (Duration: 2.0ms | Allocations: 1021)
Completed 200 OK in 295ms (Views: 2.4ms | Allocations: 3794)


Started GET "/" for ::1 at 2026-03-08 12:29:09 +0000
Processing by ArrivalsController#index as HTML
[]
  Rendering layout layouts/application.html.erb
  Rendering arrivals/index.html.erb within layouts/application
  Rendered arrivals/index.html.erb within layouts/application (Duration: 0.0ms | Allocations: 7)
  Rendered layout layouts/application.html.erb (Duration: 3.6ms | Allocations: 1028)
Completed 200 OK in 257ms (Views: 4.6ms | Allocations: 3781)


Started GET "/" for 127.0.0.1 at 2026-03-08 12:29:26 +0000
Processing by ArrivalsController#index as HTML
[]
  Rendering layout layouts/application.html.erb
  Rendering arrivals/index.html.erb within layouts/application
  Rendered arrivals/index.html.erb within layouts/application (Duration: 0.0ms | Allocations: 7)
  Rendered layout layouts/application.html.erb (Duration: 2.7ms | Allocations: 1015)
Completed 200 OK in 200ms (Views: 3.2ms | Allocations: 3804)


Started GET "/" for ::1 at 2026-03-08 12:29:40 +0000
Processing by ArrivalsController#index as HTML
[]
  Rendering layout layouts/application.html.erb
  Rendering arrivals/index.html.erb within layouts/application
  Rendered arrivals/index.html.erb within layouts/application (Duration: 0.0ms | Allocations: 7)
  Rendered layout layouts/application.html.erb (Duration: 2.0ms | Allocations: 1015)
Completed 200 OK in 248ms (Views: 2.4ms | Allocations: 3812)


Started GET "/" for 127.0.0.1 at 2026-03-08 12:29:56 +0000
Processing by ArrivalsController#index as HTML
[]
  Rendering layout layouts/application.html.erb
  Rendering arrivals/index.html.erb within layouts/application
  Rendered arrivals/index.html.erb within layouts/application (Duration: 0.0ms | Allocations: 7)
  Rendered layout layouts/application.html.erb (Duration: 2.4ms | Allocations: 1022)
Completed 200 OK in 808ms (Views: 3.0ms | Allocations: 3781)


Started GET "/" for ::1 at 2026-03-08 12:30:10 +0000
Processing by ArrivalsController#index as HTML
[]
  Rendering layout layouts/application.html.erb
  Rendering arrivals/index.html.erb within layouts/application
  Rendered arrivals/index.html.erb within layouts/application (Duration: 0.0ms | Allocations: 7)
  Rendered layout layouts/application.html.erb (Duration: 2.2ms | Allocations: 1021)
Completed 200 OK in 251ms (Views: 2.7ms | Allocations: 3764)


Started GET "/" for 127.0.0.1 at 2026-03-08 12:30:27 +0000
Processing by ArrivalsController#index as HTML
[]
  Rendering layout layouts/application.html.erb
  Rendering arrivals/index.html.erb within layouts/application
  Rendered arrivals/index.html.erb within layouts/application (Duration: 0.0ms | Allocations: 7)
  Rendered layout layouts/application.html.erb (Duration: 2.3ms | Allocations: 1018)
Completed 200 OK in 278ms (Views: 2.9ms | Allocations: 3761)


Started GET "/" for ::1 at 2026-03-08 12:30:40 +0000
Processing by ArrivalsController#index as HTML
[]
  Rendering layout layouts/application.html.erb
  Rendering arrivals/index.html.erb within layouts/application
  Rendered arrivals/index.html.erb within layouts/application (Duration: 0.0ms | Allocations: 7)
  Rendered layout layouts/application.html.erb (Duration: 2.0ms | Allocations: 1043)
Completed 200 OK in 227ms (Views: 2.4ms | Allocations: 3862)


Started GET "/" for 127.0.0.1 at 2026-03-08 12:30:58 +0000
Processing by ArrivalsController#index as HTML
[]
  Rendering layout layouts/application.html.erb
  Rendering arrivals/index.html.erb within layouts/application
  Rendered arrivals/index.html.erb within layouts/application (Duration: 0.0ms | Allocations: 7)
  Rendered layout layouts/application.html.erb (Duration: 2.1ms | Allocations: 1030)
Completed 200 OK in 226ms (Views: 2.5ms | Allocations: 3848)


Started GET "/" for ::1 at 2026-03-08 12:31:11 +0000
Processing by ArrivalsController#index as HTML
[]
  Rendering layout layouts/application.html.erb
  Rendering arrivals/index.html.erb within layouts/application
  Rendered arrivals/index.html.erb within layouts/application (Duration: 0.0ms | Allocations: 7)
  Rendered layout layouts/application.html.erb (Duration: 2.5ms | Allocations: 1022)
Completed 200 OK in 347ms (Views: 2.9ms | Allocations: 3778)


Started GET "/" for 127.0.0.1 at 2026-03-08 12:31:28 +0000
Processing by ArrivalsController#index as HTML
[]
  Rendering layout layouts/application.html.erb
  Rendering arrivals/index.html.erb within layouts/application
  Rendered arrivals/index.html.erb within layouts/application (Duration: 0.0ms | Allocations: 7)
  Rendered layout layouts/application.html.erb (Duration: 2.0ms | Allocations: 1018)
Completed 200 OK in 212ms (Views: 2.5ms | Allocations: 3831)


Started GET "/" for ::1 at 2026-03-08 12:31:41 +0000
Processing by ArrivalsController#index as HTML
[]
  Rendering layout layouts/application.html.erb
  Rendering arrivals/index.html.erb within layouts/application
  Rendered arrivals/index.html.erb within layouts/application (Duration: 0.0ms | Allocations: 7)
  Rendered layout layouts/application.html.erb (Duration: 2.0ms | Allocations: 1012)
Completed 200 OK in 270ms (Views: 2.5ms | Allocations: 3761)


Started GET "/" for 127.0.0.1 at 2026-03-08 12:31:58 +0000
Processing by ArrivalsController#index as HTML
[]
  Rendering layout layouts/application.html.erb
  Rendering arrivals/index.html.erb within layouts/application
  Rendered arrivals/index.html.erb within layouts/application (Duration: 0.0ms | Allocations: 7)
  Rendered layout layouts/application.html.erb (Duration: 2.2ms | Allocations: 1019)
Completed 200 OK in 204ms (Views: 2.7ms | Allocations: 3803)


Started GET "/" for ::1 at 2026-03-08 12:32:12 +0000
Processing by ArrivalsController#index as HTML
[]
  Rendering layout layouts/application.html.erb
  Rendering arrivals/index.html.erb within layouts/application
  Rendered arrivals/index.html.erb within layouts/application (Duration: 0.0ms | Allocations: 7)
  Rendered layout layouts/application.html.erb (Duration: 2.1ms | Allocations: 1015)
Completed 200 OK in 206ms (Views: 2.6ms | Allocations: 3756)


Started GET "/" for 127.0.0.1 at 2026-03-08 12:32:29 +0000
Processing by ArrivalsController#index as HTML
[]
  Rendering layout layouts/application.html.erb
  Rendering arrivals/index.html.erb within layouts/application
  Rendered arrivals/index.html.erb within layouts/application (Duration: 0.0ms | Allocations: 7)
  Rendered layout layouts/application.html.erb (Duration: 2.3ms | Allocations: 1027)
Completed 200 OK in 218ms (Views: 2.8ms | Allocations: 3813)


Started GET "/" for ::1 at 2026-03-08 12:32:42 +0000
Processing by ArrivalsController#index as HTML
[]
  Rendering layout layouts/application.html.erb
  Rendering arrivals/index.html.erb within layouts/application
  Rendered arrivals/index.html.erb within layouts/application (Duration: 0.0ms | Allocations: 7)
  Rendered layout layouts/application.html.erb (Duration: 2.3ms | Allocations: 1031)
Completed 200 OK in 222ms (Views: 3.6ms | Allocations: 3803)


Started GET "/" for 127.0.0.1 at 2026-03-08 12:33:01 +0000
Processing by ArrivalsController#index as HTML
[]
  Rendering layout layouts/application.html.erb
  Rendering arrivals/index.html.erb within layouts/application
  Rendered arrivals/index.html.erb within layouts/application (Duration: 0.0ms | Allocations: 7)
  Rendered layout layouts/application.html.erb (Duration: 2.5ms | Allocations: 1027)
Completed 200 OK in 276ms (Views: 3.0ms | Allocations: 3848)


Started GET "/" for ::1 at 2026-03-08 12:33:13 +0000
Processing by ArrivalsController#index as HTML
[]
  Rendering layout layouts/application.html.erb
  Rendering arrivals/index.html.erb within layouts/application
  Rendered arrivals/index.html.erb within layouts/application (Duration: 0.0ms | Allocations: 7)
  Rendered layout layouts/application.html.erb (Duration: 2.3ms | Allocations: 1037)
Completed 200 OK in 217ms (Views: 2.9ms | Allocations: 3823)


Started GET "/" for 127.0.0.1 at 2026-03-08 12:33:32 +0000
Processing by ArrivalsController#index as HTML
[]
  Rendering layout layouts/application.html.erb
  Rendering arrivals/index.html.erb within layouts/application
  Rendered arrivals/index.html.erb within layouts/application (Duration: 0.0ms | Allocations: 7)
  Rendered layout layouts/application.html.erb (Duration: 2.4ms | Allocations: 1027)
Completed 200 OK in 699ms (Views: 2.9ms | Allocations: 3777)


Started GET "/" for ::1 at 2026-03-08 12:33:43 +0000
Processing by ArrivalsController#index as HTML
[]
  Rendering layout layouts/application.html.erb
  Rendering arrivals/index.html.erb within layouts/application
  Rendered arrivals/index.html.erb within layouts/application (Duration: 0.0ms | Allocations: 7)
  Rendered layout layouts/application.html.erb (Duration: 2.3ms | Allocations: 1018)
Completed 200 OK in 328ms (Views: 3.0ms | Allocations: 3773)


Started GET "/" for 127.0.0.1 at 2026-03-08 12:34:02 +0000
Processing by ArrivalsController#index as HTML
[]
  Rendering layout layouts/application.html.erb
  Rendering arrivals/index.html.erb within layouts/application
  Rendered arrivals/index.html.erb within layouts/application (Duration: 0.0ms | Allocations: 7)
  Rendered layout layouts/application.html.erb (Duration: 2.3ms | Allocations: 1052)
Completed 200 OK in 223ms (Views: 2.8ms | Allocations: 3836)


Started GET "/" for ::1 at 2026-03-08 12:34:16 +0000
Processing by ArrivalsController#index as HTML
[]
  Rendering layout layouts/application.html.erb
  Rendering arrivals/index.html.erb within layouts/application
  Rendered arrivals/index.html.erb within layouts/application (Duration: 0.0ms | Allocations: 7)
  Rendered layout layouts/application.html.erb (Duration: 2.3ms | Allocations: 1036)
Completed 200 OK in 211ms (Views: 2.8ms | Allocations: 3823)


Started GET "/" for 127.0.0.1 at 2026-03-08 12:34:33 +0000
Processing by ArrivalsController#index as HTML
[]
  Rendering layout layouts/application.html.erb
  Rendering arrivals/index.html.erb within layouts/application
  Rendered arrivals/index.html.erb within layouts/application (Duration: 0.0ms | Allocations: 7)
  Rendered layout layouts/application.html.erb (Duration: 2.1ms | Allocations: 1024)
Completed 200 OK in 908ms (Views: 2.7ms | Allocations: 3780)


Started GET "/" for ::1 at 2026-03-08 12:34:47 +0000
Processing by ArrivalsController#index as HTML
[]
  Rendering layout layouts/application.html.erb
  Rendering arrivals/index.html.erb within layouts/application
  Rendered arrivals/index.html.erb within layouts/application (Duration: 0.0ms | Allocations: 7)
  Rendered layout layouts/application.html.erb (Duration: 3.3ms | Allocations: 1058)
Completed 200 OK in 242ms (Views: 3.9ms | Allocations: 3838)


Started GET "/" for 127.0.0.1 at 2026-03-08 12:35:04 +0000
Processing by ArrivalsController#index as HTML
[]
  Rendering layout layouts/application.html.erb
  Rendering arrivals/index.html.erb within layouts/application
  Rendered arrivals/index.html.erb within layouts/application (Duration: 0.0ms | Allocations: 7)
  Rendered layout layouts/application.html.erb (Duration: 1.9ms | Allocations: 1051)
Completed 200 OK in 231ms (Views: 3.0ms | Allocations: 3867)


Started GET "/" for ::1 at 2026-03-08 12:35:17 +0000
Processing by ArrivalsController#index as HTML
[]
  Rendering layout layouts/application.html.erb
  Rendering arrivals/index.html.erb within layouts/application
  Rendered arrivals/index.html.erb within layouts/application (Duration: 0.0ms | Allocations: 7)
  Rendered layout layouts/application.html.erb (Duration: 2.0ms | Allocations: 1016)
Completed 200 OK in 231ms (Views: 2.4ms | Allocations: 3806)


Started GET "/" for 127.0.0.1 at 2026-03-08 12:35:34 +0000
Processing by ArrivalsController#index as HTML
[]
  Rendering layout layouts/application.html.erb
  Rendering arrivals/index.html.erb within layouts/application
  Rendered arrivals/index.html.erb within layouts/application (Duration: 0.0ms | Allocations: 7)
  Rendered layout layouts/application.html.erb (Duration: 2.3ms | Allocations: 1018)
Completed 200 OK in 259ms (Views: 2.8ms | Allocations: 3787)


Started GET "/" for ::1 at 2026-03-08 12:35:47 +0000
Processing by ArrivalsController#index as HTML
[]
  Rendering layout layouts/application.html.erb
  Rendering arrivals/index.html.erb within layouts/application
  Rendered arrivals/index.html.erb within layouts/application (Duration: 0.0ms | Allocations: 7)
  Rendered layout layouts/application.html.erb (Duration: 2.2ms | Allocations: 1022)
Completed 200 OK in 194ms (Views: 2.6ms | Allocations: 3810)


Started GET "/" for 127.0.0.1 at 2026-03-08 12:36:05 +0000
Processing by ArrivalsController#index as HTML
[]
  Rendering layout layouts/application.html.erb
  Rendering arrivals/index.html.erb within layouts/application
  Rendered arrivals/index.html.erb within layouts/application (Duration: 0.0ms | Allocations: 7)
  Rendered layout layouts/application.html.erb (Duration: 2.0ms | Allocations: 1021)
Completed 200 OK in 597ms (Views: 2.4ms | Allocations: 3761)


Started GET "/" for ::1 at 2026-03-08 12:36:18 +0000
Processing by ArrivalsController#index as HTML
[]
  Rendering layout layouts/application.html.erb
  Rendering arrivals/index.html.erb within layouts/application
  Rendered arrivals/index.html.erb within layouts/application (Duration: 0.0ms | Allocations: 7)
  Rendered layout layouts/application.html.erb (Duration: 2.0ms | Allocations: 1024)
Completed 200 OK in 292ms (Views: 3.2ms | Allocations: 3768)


Started GET "/" for 127.0.0.1 at 2026-03-08 12:36:35 +0000
Processing by ArrivalsController#index as HTML
[]
  Rendering layout layouts/application.html.erb
  Rendering arrivals/index.html.erb within layouts/application
  Rendered arrivals/index.html.erb within layouts/application (Duration: 0.0ms | Allocations: 7)
  Rendered layout layouts/application.html.erb (Duration: 2.0ms | Allocations: 1018)
Completed 200 OK in 217ms (Views: 2.5ms | Allocations: 3806)


Started GET "/" for ::1 at 2026-03-08 12:36:48 +0000
Processing by ArrivalsController#index as HTML
[]
  Rendering layout layouts/application.html.erb
  Rendering arrivals/index.html.erb within layouts/application
  Rendered arrivals/index.html.erb within layouts/application (Duration: 0.0ms | Allocations: 7)
  Rendered layout layouts/application.html.erb (Duration: 2.0ms | Allocations: 1043)
Completed 200 OK in 234ms (Views: 2.5ms | Allocations: 3837)


Started GET "/" for 127.0.0.1 at 2026-03-08 12:37:06 +0000
Processing by ArrivalsController#index as HTML
[]
  Rendering layout layouts/application.html.erb
  Rendering arrivals/index.html.erb within layouts/application
  Rendered arrivals/index.html.erb within layouts/application (Duration: 0.0ms | Allocations: 7)
  Rendered layout layouts/application.html.erb (Duration: 1.9ms | Allocations: 1029)
Completed 200 OK in 588ms (Views: 2.4ms | Allocations: 3807)


Started GET "/" for ::1 at 2026-03-08 12:37:20 +0000
Processing by ArrivalsController#index as HTML
[]
  Rendering layout layouts/application.html.erb
  Rendering arrivals/index.html.erb within layouts/application
  Rendered arrivals/index.html.erb within layouts/application (Duration: 0.0ms | Allocations: 7)
  Rendered layout layouts/application.html.erb (Duration: 2.0ms | Allocations: 1040)
Completed 200 OK in 252ms (Views: 2.4ms | Allocations: 3832)


Started GET "/" for 127.0.0.1 at 2026-03-08 12:37:36 +0000
Processing by ArrivalsController#index as HTML
[]
  Rendering layout layouts/application.html.erb
  Rendering arrivals/index.html.erb within layouts/application
  Rendered arrivals/index.html.erb within layouts/application (Duration: 0.0ms | Allocations: 7)
  Rendered layout layouts/application.html.erb (Duration: 1.9ms | Allocations: 1024)
Completed 200 OK in 204ms (Views: 2.4ms | Allocations: 3839)


Started GET "/" for ::1 at 2026-03-08 12:37:50 +0000
Processing by ArrivalsController#index as HTML
[]
  Rendering layout layouts/application.html.erb
  Rendering arrivals/index.html.erb within layouts/application
  Rendered arrivals/index.html.erb within layouts/application (Duration: 0.0ms | Allocations: 7)
  Rendered layout layouts/application.html.erb (Duration: 2.1ms | Allocations: 1013)
Completed 200 OK in 214ms (Views: 2.7ms | Allocations: 3804)


